VCD info: dumpfile saida.vcd opened for output.
=== OK  [0] is_immediate_i:0 ALU_CO_i:00 FUNC7_i:0000000 FUNC3_i:111 => ALU_OP_o:0010 (esperado)
=== OK  [1] is_immediate_i:0 ALU_CO_i:00 FUNC7_i:0100000 FUNC3_i:111 => ALU_OP_o:0010 (esperado)
=== ERRO[2] is_immediate_i:0 ALU_CO_i:01 FUNC7_i:0000000 FUNC3_i:111 => ALU_OP_o:1010 (esperado: 1111)
=== ERRO[3] is_immediate_i:0 ALU_CO_i:01 FUNC7_i:0100000 FUNC3_i:111 => ALU_OP_o:1010 (esperado: 1111)
=== OK  [4] is_immediate_i:0 ALU_CO_i:10 FUNC7_i:0000000 FUNC3_i:111 => ALU_OP_o:0000 (esperado)
=== OK  [5] is_immediate_i:0 ALU_CO_i:10 FUNC7_i:0100000 FUNC3_i:111 => ALU_OP_o:0000 (esperado)
=== OK  [6] is_immediate_i:1 ALU_CO_i:00 FUNC7_i:0000000 FUNC3_i:111 => ALU_OP_o:0010 (esperado)
=== OK  [7] is_immediate_i:1 ALU_CO_i:00 FUNC7_i:0100000 FUNC3_i:111 => ALU_OP_o:0010 (esperado)
=== ERRO[8] is_immediate_i:1 ALU_CO_i:01 FUNC7_i:0000000 FUNC3_i:111 => ALU_OP_o:1010 (esperado: 1111)
=== ERRO[9] is_immediate_i:1 ALU_CO_i:01 FUNC7_i:0100000 FUNC3_i:111 => ALU_OP_o:1010 (esperado: 1111)
=== OK  [10] is_immediate_i:1 ALU_CO_i:10 FUNC7_i:0000000 FUNC3_i:111 => ALU_OP_o:0000 (esperado)
=== OK  [11] is_immediate_i:1 ALU_CO_i:10 FUNC7_i:0100000 FUNC3_i:111 => ALU_OP_o:0000 (esperado)
tb.v:46: $finish called at 12000 (1ps)
